// Jest Snapshot v1, https://goo.gl/fbAQLP

exports[`economic service tests createInvoiceFromOrder creates order with correct metadata 1`] = `
Object {
  "currency": "DKK",
  "customer": Object {
    "customerNumber": 1,
  },
  "date": Any<String>,
  "layout": Object {
    "layoutNumber": 21,
  },
  "lines": Array [],
  "paymentTerms": Object {
    "paymentTermsNumber": 1,
  },
  "recipient": Object {
    "name": "Webshop customer",
    "vatZone": Object {
      "vatZoneNumber": 1,
    },
  },
  "references": Object {
    "other": "draft order no lines",
  },
}
`;
